[2.294s] Invoking command in '/home/kyeongmin/ros2_ws/src/fms_server': PYTHONPATH=/home/kyeongmin/ros2_ws/build/fms_server/prefix_override:/usr/lib/python3/dist-packages/colcon_core/task/python/colcon_distutils_commands:/home/kyeongmin/ros2_ws/install/fms_server/lib/python3.10/site-packages:${PYTHONPATH} /usr/bin/python3 -W ignore:setup.py install is deprecated -W ignore:easy_install command is deprecated setup.py egg_info --egg-base ../../build/fms_server build --build-base /home/kyeongmin/ros2_ws/build/fms_server/build install --record /home/kyeongmin/ros2_ws/build/fms_server/install.log --single-version-externally-managed install_data
[3.239s] running egg_info
[3.243s] creating ../../build/fms_server/fms_server.egg-info
[3.245s] writing ../../build/fms_server/fms_server.egg-info/PKG-INFO
[3.245s] writing dependency_links to ../../build/fms_server/fms_server.egg-info/dependency_links.txt
[3.245s] writing entry points to ../../build/fms_server/fms_server.egg-info/entry_points.txt
[3.247s] writing requirements to ../../build/fms_server/fms_server.egg-info/requires.txt
[3.247s] writing top-level names to ../../build/fms_server/fms_server.egg-info/top_level.txt
[3.251s] writing manifest file '../../build/fms_server/fms_server.egg-info/SOURCES.txt'
[3.251s] reading manifest file '../../build/fms_server/fms_server.egg-info/SOURCES.txt'
[3.253s] writing manifest file '../../build/fms_server/fms_server.egg-info/SOURCES.txt'
[3.253s] running build
[3.254s] running build_py
[3.254s] creating /home/kyeongmin/ros2_ws/build/fms_server/build
[3.254s] creating /home/kyeongmin/ros2_ws/build/fms_server/build/lib
[3.254s] creating /home/kyeongmin/ros2_ws/build/fms_server/build/lib/fms_server
[3.255s] copying fms_server/__init__.py -> /home/kyeongmin/ros2_ws/build/fms_server/build/lib/fms_server
[3.255s] copying fms_server/fms_app.py -> /home/kyeongmin/ros2_ws/build/fms_server/build/lib/fms_server
[3.256s] running install
[3.258s] running install_lib
[3.266s] creating /home/kyeongmin/ros2_ws/install/fms_server/lib/python3.10/site-packages/fms_server
[3.266s] copying /home/kyeongmin/ros2_ws/build/fms_server/build/lib/fms_server/__init__.py -> /home/kyeongmin/ros2_ws/install/fms_server/lib/python3.10/site-packages/fms_server
[3.266s] copying /home/kyeongmin/ros2_ws/build/fms_server/build/lib/fms_server/fms_app.py -> /home/kyeongmin/ros2_ws/install/fms_server/lib/python3.10/site-packages/fms_server
[3.268s] byte-compiling /home/kyeongmin/ros2_ws/install/fms_server/lib/python3.10/site-packages/fms_server/__init__.py to __init__.cpython-310.pyc
[3.269s] byte-compiling /home/kyeongmin/ros2_ws/install/fms_server/lib/python3.10/site-packages/fms_server/fms_app.py to fms_app.cpython-310.pyc
[3.273s] running install_data
[3.274s] creating /home/kyeongmin/ros2_ws/install/fms_server/share/ament_index
[3.274s] creating /home/kyeongmin/ros2_ws/install/fms_server/share/ament_index/resource_index
[3.274s] creating /home/kyeongmin/ros2_ws/install/fms_server/share/ament_index/resource_index/packages
[3.275s] copying resource/fms_server -> /home/kyeongmin/ros2_ws/install/fms_server/share/ament_index/resource_index/packages
[3.275s] copying package.xml -> /home/kyeongmin/ros2_ws/install/fms_server/share/fms_server
[3.276s] creating /home/kyeongmin/ros2_ws/install/fms_server/share/fms_server/static
[3.277s] copying fms_server/static/roslib.min.js -> /home/kyeongmin/ros2_ws/install/fms_server/share/fms_server/static
[3.280s] running install_egg_info
[3.284s] Copying ../../build/fms_server/fms_server.egg-info to /home/kyeongmin/ros2_ws/install/fms_server/lib/python3.10/site-packages/fms_server-0.0.0-py3.10.egg-info
[3.286s] running install_scripts
[3.371s] Installing fms_app script to /home/kyeongmin/ros2_ws/install/fms_server/lib/fms_server
[3.372s] writing list of installed files to '/home/kyeongmin/ros2_ws/build/fms_server/install.log'
[3.448s] Invoked command in '/home/kyeongmin/ros2_ws/src/fms_server' returned '0': PYTHONPATH=/home/kyeongmin/ros2_ws/build/fms_server/prefix_override:/usr/lib/python3/dist-packages/colcon_core/task/python/colcon_distutils_commands:/home/kyeongmin/ros2_ws/install/fms_server/lib/python3.10/site-packages:${PYTHONPATH} /usr/bin/python3 -W ignore:setup.py install is deprecated -W ignore:easy_install command is deprecated setup.py egg_info --egg-base ../../build/fms_server build --build-base /home/kyeongmin/ros2_ws/build/fms_server/build install --record /home/kyeongmin/ros2_ws/build/fms_server/install.log --single-version-externally-managed install_data
